id: 1
name: foo
data:
    some-string: data
    some-boolean: true
    and-a-float: 77.7
created_at: '2022-06-24T05:23:31.000000Z'
updated_at: '2022-06-24T05:23:31.000000Z'
