-
    name: some-name
    data: { some: data }
    updated_at: '2022-06-26T10:29:27.000000Z'
    created_at: '2022-06-26T10:29:27.000000Z'
    id: 1
-
    name: bar
    data: { some-string: other-data, some-boolean: false, and-a-float: 7.77 }
    updated_at: '2022-06-26T10:29:27.000000Z'
    created_at: '2022-06-26T10:29:27.000000Z'
    id: 2
-
    name: qux
    data: { some-string: qux-data, some-boolean: true, and-a-float: 777.0 }
    updated_at: '2022-06-26T10:29:27.000000Z'
    created_at: '2022-06-26T10:29:27.000000Z'
    id: 3
