name: some-name
data: '{"some":"data"}'
updated_at: '2022-06-26 10:29:27'
created_at: '2022-06-26 10:29:27'
id: 1
